#-----------------------------------------------------------
# Webtalk v2019.1 (64-bit)
# SW Build 2552052 on Fri May 24 14:49:42 MDT 2019
# IP Build 2548770 on Fri May 24 18:01:18 MDT 2019
# Start of session at: Sun Nov 17 15:19:59 2019
# Process ID: 20724
# Current directory: C:/Users/RAGHAV/Desktop/Cache Controller/Cache_Controller_Simulation/Cache_Controller_Simulation.sim/sim_1/behav/xsim
# Command line: wbtcv.exe -mode batch -source C:/Users/RAGHAV/Desktop/Cache Controller/Cache_Controller_Simulation/Cache_Controller_Simulation.sim/sim_1/behav/xsim/xsim.dir/TB_READ_behav/webtalk/xsim_webtalk.tcl -notrace
# Log file: C:/Users/RAGHAV/Desktop/Cache Controller/Cache_Controller_Simulation/Cache_Controller_Simulation.sim/sim_1/behav/xsim/webtalk.log
# Journal file: C:/Users/RAGHAV/Desktop/Cache Controller/Cache_Controller_Simulation/Cache_Controller_Simulation.sim/sim_1/behav/xsim\webtalk.jou
#-----------------------------------------------------------
source C:/Users/RAGHAV/Desktop/Cache -notrace
