#-----------------------------------------------------------
# Vivado v2019.1 (64-bit)
# SW Build 2552052 on Fri May 24 14:49:42 MDT 2019
# IP Build 2548770 on Fri May 24 18:01:18 MDT 2019
# Start of session at: Sun Nov 17 16:21:57 2019
# Process ID: 2080
# Current directory: C:/Users/RAGHAV/Desktop/Cache Controller/Cache_Controller_FPGA_Implementation_Project
# Command line: vivado.exe -gui_launcher_event rodinguilauncherevent19748 C:\Users\RAGHAV\Desktop\Cache Controller\Cache_Controller_FPGA_Implementation_Project\Cache_Controller_FPGA_Implementation_Project.xpr
# Log file: C:/Users/RAGHAV/Desktop/Cache Controller/Cache_Controller_FPGA_Implementation_Project/vivado.log
# Journal file: C:/Users/RAGHAV/Desktop/Cache Controller/Cache_Controller_FPGA_Implementation_Project\vivado.jou
#-----------------------------------------------------------
start_gui
open_project {C:/Users/RAGHAV/Desktop/Cache Controller/Cache_Controller_FPGA_Implementation_Project/Cache_Controller_FPGA_Implementation_Project.xpr}
update_compile_order -fileset sources_1
launch_runs impl_1 -to_step write_bitstream -jobs 6
wait_on_run impl_1
open_hw
connect_hw_server
open_hw_target
set_property PROGRAM.FILE {C:/Users/RAGHAV/Desktop/Cache Controller/Cache_Controller_FPGA_Implementation_Project/Cache_Controller_FPGA_Implementation_Project.runs/impl_1/CACHE_CONTROLLER.bit} [get_hw_devices xc7a35t_0]
current_hw_device [get_hw_devices xc7a35t_0]
refresh_hw_device -update_hw_probes false [lindex [get_hw_devices xc7a35t_0] 0]
set_property PROBES.FILE {} [get_hw_devices xc7a35t_0]
set_property FULL_PROBES.FILE {} [get_hw_devices xc7a35t_0]
set_property PROGRAM.FILE {C:/Users/RAGHAV/Desktop/Cache Controller/Cache_Controller_FPGA_Implementation_Project/Cache_Controller_FPGA_Implementation_Project.runs/impl_1/CACHE_CONTROLLER.bit} [get_hw_devices xc7a35t_0]
program_hw_devices [get_hw_devices xc7a35t_0]
refresh_hw_device [lindex [get_hw_devices xc7a35t_0] 0]
