#-----------------------------------------------------------
# Vivado v2019.1 (64-bit)
# SW Build 2552052 on Fri May 24 14:49:42 MDT 2019
# IP Build 2548770 on Fri May 24 18:01:18 MDT 2019
# Start of session at: Sun Nov 17 17:13:57 2019
# Process ID: 18252
# Current directory: C:/Users/RAGHAV/Desktop/Cache Controller/Cache_Controller_FPGA_Implementation_Project/Cache_Controller_FPGA_Implementation_Project.runs/synth_1
# Command line: vivado.exe -log CACHE_CONTROLLER.vds -product Vivado -mode batch -messageDb vivado.pb -notrace -source CACHE_CONTROLLER.tcl
# Log file: C:/Users/RAGHAV/Desktop/Cache Controller/Cache_Controller_FPGA_Implementation_Project/Cache_Controller_FPGA_Implementation_Project.runs/synth_1/CACHE_CONTROLLER.vds
# Journal file: C:/Users/RAGHAV/Desktop/Cache Controller/Cache_Controller_FPGA_Implementation_Project/Cache_Controller_FPGA_Implementation_Project.runs/synth_1\vivado.jou
#-----------------------------------------------------------
source CACHE_CONTROLLER.tcl -notrace
